1:pass 1: 36019 placements, 13902 lifted families, family-seated resources 13 (66 s)
31:REFUSED OTHH_Dewatering_02_LOD0_001.obj x1: its floor lies 12.86 m under the local ground but the shell carrying it rises 2.84 m above the ground (> contact_band_m 1.0) over more than rim_protrusion_max_fraction 5% of its face area — a shell through the ground is a building on the pack's plane or a structure standing in a pit, never the pit itself (04i rule 1: a pit's rim tops out at grade; 2
32:REFUSED OTHH_Dewatering_01_LOD0_001.obj x1: its floor lies 12.86 m under the local ground but the shell carrying it rises 2.84 m above the ground (> contact_band_m 1.0) over more than rim_protrusion_max_fraction 5% of its face area — a shell through the ground is a building on the pack's plane or a structure standing in a pit, never the pit itself (04i rule 1: a pit's rim tops out at grade; 2
97:pass 2: planar stage 322 s; structures 23 basins 45
98:BASIN basin:0   pit          floor   -0.24 plate_y  -4.201 agl  0.000 inside False rim_cut   n/a area    3824 witness dsf:obj11323   members 2 at 25.252752,51.626273 :: OTHH_Drainage_06_000.obj, OTHH_Drainage_06_001.obj
99:BASIN basin:1   pit          floor    0.15 plate_y  -3.816 agl  4.298 inside True  rim_cut -0.017 area    3309 witness dsf:obj36160   members 2 at 25.291944,51.605865 :: OTHH_Drainage_03_LOD0_000.obj, OTHH_Drainage_03_LOD0_001.obj
100:BASIN basin:2   pit          floor    0.15 plate_y  -3.816 agl  4.298 inside True  rim_cut -0.017 area    3288 witness dsf:obj36164   members 2 at 25.295672,51.604575 :: OTHH_Drainage_01_LOD0_000.obj, OTHH_Drainage_01_LOD0_001.obj
101:BASIN basin:3   pit          floor    0.15 plate_y  -3.816 agl  4.298 inside True  rim_cut -0.017 area    2522 witness dsf:obj36162   members 2 at 25.296327,51.606389 :: OTHH_Drainage_02_LOD0_000.obj, OTHH_Drainage_02_LOD0_001.obj
102:BASIN basin:4   covered pit  floor   -9.18 plate_y -13.142 agl 13.498 inside True  rim_cut -0.145 area    6028 witness dsf:obj36166   members 1 at 25.295698,51.603557 :: OTHH_Dewatering_01_LOD0_002.obj
103:BASIN basin:5   pit          floor    0.15 plate_y  -3.816 agl  4.298 inside True  rim_cut -0.017 area    1951 witness dsf:obj36158   members 2 at 25.253705,51.622950 :: OTHH_Drainage_04_LOD0_000.obj, OTHH_Drainage_04_LOD0_001.obj
104:BASIN basin:6   covered pit  floor   -9.18 plate_y -13.142 agl  0.000 inside False rim_cut   n/a area    4145 witness dsf:obj11325   members 1 at 25.252093,51.624591 :: OTHH_Dewatering_02_LOD0_002.obj
105:BASIN basin:7   pit          floor   -0.24 plate_y  -4.201 agl  0.000 inside False rim_cut   n/a area    1357 witness dsf:obj11323   members 2 at 25.253659,51.624413 :: OTHH_Drainage_06_000.obj, OTHH_Drainage_06_001.obj
106:BASIN basin:8   pit          floor    0.15 plate_y  -3.816 agl  4.298 inside True  rim_cut -0.017 area     467 witness dsf:obj36156   members 2 at 25.253913,51.622127 :: OTHH_Drainage_05_000.obj, OTHH_Drainage_05_001.obj
107:BASIN basin:9   pit          floor   -0.24 plate_y  -4.201 agl  0.000 inside False rim_cut   n/a area     108 witness dsf:obj11323   members 1 at 25.253506,51.623985 :: OTHH_Drainage_06_001.obj
108:BASIN basin:10  covered pit  floor   -0.34 plate_y  -4.306 agl  0.000 inside False rim_cut   n/a area      61 witness dsf:obj8512    members 2 at 25.262963,51.616238 :: OTHH_Jetway_Type4.obj
109:BASIN basin:11  covered pit  floor   -0.34 plate_y  -4.306 agl  0.000 inside True  rim_cut   n/a area      76 witness dsf:obj8558    members 2 at 25.261052,51.610954 :: OTHH_Jetway_Type5.obj
110:BASIN basin:12  covered pit  floor   -0.34 plate_y  -4.306 agl  0.000 inside False rim_cut   n/a area      75 witness dsf:obj8555    members 2 at 25.260762,51.610151 :: OTHH_Jetway_Type5.obj
111:BASIN basin:15  covered pit  floor   -0.34 plate_y  -4.306 agl  0.000 inside False rim_cut   n/a area      11 witness dsf:obj8565    members 2 at 25.265591,51.610769 :: OTHH_Jetway_Type5.obj
112:BASIN basin:17  covered pit  floor   -0.34 plate_y  -4.306 agl  0.000 inside False rim_cut   n/a area      16 witness dsf:obj8559    members 2 at 25.263068,51.611836 :: OTHH_Jetway_Type5.obj
113:BASIN basin:19  covered pit  floor   -0.35 plate_y  -4.312 agl  0.000 inside False rim_cut   n/a area       6 witness dsf:obj8524    members 2 at 25.264340,51.611337 :: OTHH_Jetway_Type5.obj, OTHH_Jetway_Type7.obj
114:BASIN basin:21  covered pit  floor   -0.31 plate_y  -4.270 agl  0.000 inside False rim_cut   n/a area       5 witness dsf:obj8607    members 2 at 25.266885,51.609713 :: OTHH_Jetway_Type6.obj
115:BASIN basin:23  covered pit  floor   -0.34 plate_y  -4.306 agl  0.000 inside False rim_cut   n/a area       7 witness dsf:obj8554    members 2 at 25.260509,51.609403 :: OTHH_Jetway_Type5.obj
116:BASIN basin:25  covered pit  floor   -0.31 plate_y  -4.270 agl  0.000 inside False rim_cut   n/a area       5 witness dsf:obj8619    members 2 at 25.262665,51.615392 :: OTHH_Jetway_Type6.obj
117:BASIN basin:30  covered pit  floor   -0.31 plate_y  -4.270 agl  0.000 inside False rim_cut   n/a area       7 witness dsf:obj8609    members 2 at 25.271630,51.612265 :: OTHH_Jetway_Type6.obj
118:BASIN basin:32  covered pit  floor   -0.35 plate_y  -4.312 agl  0.000 inside False rim_cut   n/a area       8 witness dsf:obj8545    members 2 at 25.263735,51.613299 :: OTHH_Jetway_Type6.obj, OTHH_Jetway_Type7.obj
119:BASIN basin:43  covered pit  floor   -0.35 plate_y  -4.312 agl  0.000 inside False rim_cut   n/a area       6 witness dsf:obj8528    members 2 at 25.267795,51.607456 :: OTHH_Jetway_Type7.obj
120:BASIN basin:45  covered pit  floor   -0.35 plate_y  -4.312 agl  0.000 inside False rim_cut   n/a area       5 witness dsf:obj8544    members 2 at 25.264335,51.613003 :: OTHH_Jetway_Type6.obj, OTHH_Jetway_Type7.obj
121:BASIN basin:46  covered pit  floor   -0.35 plate_y  -4.312 agl  0.000 inside False rim_cut   n/a area       6 witness dsf:obj8543    members 2 at 25.264978,51.612705 :: OTHH_Jetway_Type6.obj, OTHH_Jetway_Type7.obj
122:BASIN basin:47  covered pit  floor   -0.35 plate_y  -4.312 agl  0.000 inside False rim_cut   n/a area       6 witness dsf:obj8542    members 2 at 25.265608,51.612432 :: OTHH_Jetway_Type6.obj, OTHH_Jetway_Type7.obj
123:BASIN basin:48  covered pit  floor   -0.34 plate_y  -4.306 agl  0.000 inside False rim_cut   n/a area       8 witness dsf:obj8499    members 2 at 25.261338,51.611732 :: OTHH_Jetway_Type10.obj, OTHH_Jetway_Type8.obj
124:BASIN basin:50  covered pit  floor   -0.35 plate_y  -4.312 agl  0.000 inside False rim_cut   n/a area       5 witness dsf:obj8530    members 2 at 25.267957,51.605420 :: OTHH_Jetway_Type7.obj
125:BASIN basin:57  covered pit  floor   -0.34 plate_y  -4.306 agl  0.000 inside False rim_cut   n/a area       9 witness dsf:obj8514    members 2 at 25.263347,51.617370 :: OTHH_Jetway_Type4.obj
126:BASIN basin:61  covered pit  floor   -0.35 plate_y  -4.312 agl  0.000 inside False rim_cut   n/a area       3 witness dsf:obj8522    members 2 at 25.259501,51.609118 :: OTHH_Jetway_Type7.obj
127:BASIN basin:62  covered pit  floor   -0.34 plate_y  -4.306 agl  0.000 inside False rim_cut   n/a area      10 witness dsf:obj8504    members 2 at 25.259503,51.609471 :: OTHH_Jetway_Type4.obj
128:BASIN basin:63  covered pit  floor   -0.34 plate_y  -4.306 agl  0.000 inside False rim_cut   n/a area       7 witness dsf:obj8518    members 2 at 25.262174,51.616867 :: OTHH_Jetway_Type4.obj
129:BASIN basin:65  covered pit  floor   -0.35 plate_y  -4.312 agl  0.000 inside False rim_cut   n/a area       6 witness dsf:obj8527    members 1 at 25.266312,51.610517 :: OTHH_Jetway_Type7.obj
130:BASIN basin:66  covered pit  floor   -0.35 plate_y  -4.312 agl  0.000 inside False rim_cut   n/a area       3 witness dsf:obj8536    members 1 at 25.268604,51.612402 :: OTHH_Jetway_Type7.obj
131:BASIN basin:67  covered pit  floor   -0.35 plate_y  -4.312 agl  0.000 inside False rim_cut   n/a area       4 witness dsf:obj8538    members 1 at 25.267999,51.612114 :: OTHH_Jetway_Type7.obj
132:BASIN basin:68  covered pit  floor   -0.31 plate_y  -4.270 agl  0.000 inside False rim_cut   n/a area       5 witness dsf:obj8617    members 1 at 25.263116,51.613502 :: OTHH_Jetway_Type6.obj
133:BASIN basin:69  covered pit  floor   -0.34 plate_y  -4.306 agl  0.000 inside False rim_cut   n/a area       5 witness dsf:obj8501    members 1 at 25.267221,51.608916 :: OTHH_Jetway_Type8.obj
134:BASIN basin:71  covered pit  floor   -0.31 plate_y  -4.270 agl  0.000 inside False rim_cut   n/a area       4 witness dsf:obj8618    members 1 at 25.263128,51.613570 :: OTHH_Jetway_Type6.obj
135:BASIN basin:72  covered pit  floor   -0.35 plate_y  -4.312 agl  0.000 inside False rim_cut   n/a area       4 witness dsf:obj8540    members 1 at 25.267019,51.611844 :: OTHH_Jetway_Type7.obj
136:BASIN basin:75  covered pit  floor   -0.34 plate_y  -4.306 agl  0.000 inside False rim_cut   n/a area       4 witness dsf:obj8500    members 1 at 25.267169,51.608876 :: OTHH_Jetway_Type8.obj
137:BASIN basin:78  covered pit  floor   -0.31 plate_y  -4.270 agl  0.000 inside False rim_cut   n/a area       4 witness dsf:obj8611    members 1 at 25.267005,51.611775 :: OTHH_Jetway_Type6.obj
138:BASIN basin:82  covered pit  floor   -0.35 plate_y  -4.312 agl  0.000 inside False rim_cut   n/a area       5 witness dsf:obj8532    members 1 at 25.271517,51.615116 :: OTHH_Jetway_Type7.obj
139:BASIN basin:88  covered pit  floor   -0.34 plate_y  -4.306 agl  0.000 inside False rim_cut   n/a area       7 witness dsf:obj8519    members 1 at 25.262199,51.616922 :: OTHH_Jetway_Type4.obj
140:BASIN basin:90  covered pit  floor   -0.34 plate_y  -4.306 agl  0.000 inside False rim_cut   n/a area       6 witness dsf:obj8504    members 1 at 25.259449,51.609507 :: OTHH_Jetway_Type4.obj
141:BASIN basin:94  covered pit  floor   -0.34 plate_y  -4.306 agl  0.000 inside False rim_cut   n/a area       6 witness dsf:obj8514    members 1 at 25.263313,51.617330 :: OTHH_Jetway_Type4.obj
142:BASIN basin:100 covered pit  floor   -0.34 plate_y  -4.306 agl  0.000 inside False rim_cut   n/a area       6 witness dsf:obj8515    members 1 at 25.263404,51.617344 :: OTHH_Jetway_Type4.obj
148:REC {'id': 'dsf:obj36156', 'resource': 'basin:8', 'datum': 'rim', 'seat': 'authored (cut)', 'h_cut_m': -0.01742301400000068, 'agl_authored_m': 4.298496986, 'members': ['dsf:obj36156', 'dsf:obj36157']}
149:REC {'id': 'dsf:obj36158', 'resource': 'basin:5', 'datum': 'rim', 'seat': 'authored (cut)', 'h_cut_m': -0.017423013999999792, 'agl_authored_m': 4.298496986, 'members': ['dsf:obj36158', 'dsf:obj36159']}
150:REC {'id': 'dsf:obj36160', 'resource': 'basin:1', 'datum': 'rim', 'seat': 'authored (cut)', 'h_cut_m': -0.017423014000000236, 'agl_authored_m': 4.298496986, 'members': ['dsf:obj36160', 'dsf:obj36161']}
151:REC {'id': 'dsf:obj36162', 'resource': 'basin:3', 'datum': 'rim', 'seat': 'authored (cut)', 'h_cut_m': -0.017423014000000236, 'agl_authored_m': 4.298496986, 'members': ['dsf:obj36162', 'dsf:obj36163']}
152:REC {'id': 'dsf:obj36164', 'resource': 'basin:2', 'datum': 'rim', 'seat': 'authored (cut)', 'h_cut_m': -0.017423014000000236, 'agl_authored_m': 4.298496986, 'members': ['dsf:obj36164', 'dsf:obj36165']}
153:REC {'id': 'dsf:obj36166', 'resource': 'basin:4', 'datum': 'rim', 'seat': 'authored (cut)', 'h_cut_m': -0.14451492899999963, 'agl_authored_m': 13.497795071, 'members': ['dsf:obj36166']}
154:total 388 s
